// Jest Snapshot v1, https://goo.gl/fbAQLP

exports[`<Clock/> when given a minutes and seconds (TestRenderer) renders properly 1`] = `"h3"`;
